// Jest Snapshot v1, https://goo.gl/fbAQLP

exports[`ForcastSummaries renders correctly 1`] = `
<DocumentFragment>
  <div
    class="forecast-summaries"
  >
    <div
      class="forecast-summary"
      data-testid="forecast-summary"
    >
      <div
        class="forecast-summary__date"
      >
        1111111
      </div>
      Thu Jan 01 1970
      <div
        class="forecast-summary__icon"
        data-testid="forecast-icon"
      >
        <img />
      </div>
      <div
        class="forecast-summary__temperature"
      >
        22
      </div>
      <div
        class="forecast-summary__description"
      >
        Stub description 1
      </div>
    </div>
    <div
      class="forecast-summary"
      data-testid="forecast-summary"
    >
      <div
        class="forecast-summary__date"
      >
        2222222
      </div>
      Thu Jan 01 1970
      <div
        class="forecast-summary__icon"
        data-testid="forecast-icon"
      >
        <img />
      </div>
      <div
        class="forecast-summary__temperature"
      >
        24
      </div>
      <div
        class="forecast-summary__description"
      >
        Stub description2
      </div>
    </div>
  </div>
</DocumentFragment>
`;
